
Memory Configuration

Name             Origin             Length             Attributes
*default*        0x0000000000000000 0xffffffffffffffff

Linker script and memory map

                0x0000000000000000                . = 0x0

.text           0x0000000000000000      0x26c
 *(vector_start)
 *(.text .rodata)
 .text          0x0000000000000000       0xd4 build/Entry.os
                0x0000000000000000                vector_start
                0x000000000000003c                vector_end
 .text          0x00000000000000d4       0x68 build/Main.o
                0x00000000000000d4                main
 .rodata        0x000000000000013c        0xe build/Main.o
 .text          0x000000000000014a        0x0 build/Regs.o
 *fill*         0x000000000000014a        0x2 
 .text          0x000000000000014c       0xec build/Uart.o
                0x000000000000014c                Hal_uart_init
                0x00000000000001a0                Hal_uart_put_char
                0x00000000000001e0                Hal_uart_get_char
 .text          0x0000000000000238       0x34 build/stdio.o
                0x0000000000000238                putstr

.glue_7         0x000000000000026c        0x0
 .glue_7        0x000000000000026c        0x0 linker stubs

.glue_7t        0x000000000000026c        0x0
 .glue_7t       0x000000000000026c        0x0 linker stubs

.vfp11_veneer   0x000000000000026c        0x0
 .vfp11_veneer  0x000000000000026c        0x0 linker stubs

.v4_bx          0x000000000000026c        0x0
 .v4_bx         0x000000000000026c        0x0 linker stubs

.iplt           0x000000000000026c        0x0
 .iplt          0x000000000000026c        0x0 build/Entry.os

.rel.dyn        0x000000000000026c        0x0
 .rel.iplt      0x000000000000026c        0x0 build/Entry.os
 .rel.got       0x000000000000026c        0x0 build/Entry.os

.data           0x000000000000026c        0x4
 *(.data)
 .data          0x000000000000026c        0x0 build/Entry.os
 .data          0x000000000000026c        0x0 build/Main.o
 .data          0x000000000000026c        0x4 build/Regs.o
                0x000000000000026c                Uart
 .data          0x0000000000000270        0x0 build/Uart.o
 .data          0x0000000000000270        0x0 build/stdio.o

.igot.plt       0x0000000000000270        0x0
 .igot.plt      0x0000000000000270        0x0 build/Entry.os

.got            0x0000000000000270        0x4
 .got           0x0000000000000270        0x4 build/Entry.os

.got.plt        0x0000000000000274        0xc
 .got.plt       0x0000000000000274        0xc build/Entry.os
                0x0000000000000274                _GLOBAL_OFFSET_TABLE_

.bss            0x0000000000000280        0x0
 *(.bss)
 .bss           0x0000000000000280        0x0 build/Entry.os
 .bss           0x0000000000000280        0x0 build/Main.o
 .bss           0x0000000000000280        0x0 build/Regs.o
 .bss           0x0000000000000280        0x0 build/Uart.o
 .bss           0x0000000000000280        0x0 build/stdio.o
LOAD build/Entry.os
LOAD build/Main.o
LOAD build/Regs.o
LOAD build/Uart.o
LOAD build/stdio.o
OUTPUT(build/navilos.axf elf32-littlearm)

.ARM.attributes
                0x0000000000000000       0x37
 .ARM.attributes
                0x0000000000000000       0x27 build/Entry.os
 .ARM.attributes
                0x0000000000000027       0x3b build/Main.o
 .ARM.attributes
                0x0000000000000062       0x3b build/Regs.o
 .ARM.attributes
                0x000000000000009d       0x3b build/Uart.o
 .ARM.attributes
                0x00000000000000d8       0x3b build/stdio.o

.comment        0x0000000000000000       0x30
 .comment       0x0000000000000000       0x30 build/Main.o
                                         0x31 (size before relaxing)
 .comment       0x0000000000000030       0x31 build/Regs.o
 .comment       0x0000000000000030       0x31 build/Uart.o
 .comment       0x0000000000000030       0x31 build/stdio.o

.note.GNU-stack
                0x0000000000000000        0x0
 .note.GNU-stack
                0x0000000000000000        0x0 build/Main.o
 .note.GNU-stack
                0x0000000000000000        0x0 build/Regs.o
 .note.GNU-stack
                0x0000000000000000        0x0 build/Uart.o
 .note.GNU-stack
                0x0000000000000000        0x0 build/stdio.o

.debug_line     0x0000000000000000      0x1e6
 .debug_line    0x0000000000000000       0x6d build/Entry.os
 .debug_line    0x000000000000006d       0x5d build/Main.o
 .debug_line    0x00000000000000ca       0x4e build/Regs.o
 .debug_line    0x0000000000000118       0x7a build/Uart.o
 .debug_line    0x0000000000000192       0x54 build/stdio.o

.debug_info     0x0000000000000000     0x16e9
 .debug_info    0x0000000000000000       0x26 build/Entry.os
 .debug_info    0x0000000000000026       0xc7 build/Main.o
 .debug_info    0x00000000000000ed      0xa73 build/Regs.o
 .debug_info    0x0000000000000b60      0xadc build/Uart.o
 .debug_info    0x000000000000163c       0xad build/stdio.o

.debug_abbrev   0x0000000000000000      0x360
 .debug_abbrev  0x0000000000000000       0x14 build/Entry.os
 .debug_abbrev  0x0000000000000014       0x93 build/Main.o
 .debug_abbrev  0x00000000000000a7       0xe4 build/Regs.o
 .debug_abbrev  0x000000000000018b      0x154 build/Uart.o
 .debug_abbrev  0x00000000000002df       0x81 build/stdio.o

.debug_aranges  0x0000000000000000       0x98
 .debug_aranges
                0x0000000000000000       0x20 build/Entry.os
 .debug_aranges
                0x0000000000000020       0x20 build/Main.o
 .debug_aranges
                0x0000000000000040       0x18 build/Regs.o
 .debug_aranges
                0x0000000000000058       0x20 build/Uart.o
 .debug_aranges
                0x0000000000000078       0x20 build/stdio.o

.debug_str      0x0000000000000000      0x49d
 .debug_str     0x0000000000000000       0x44 build/Entry.os
 .debug_str     0x0000000000000044      0x119 build/Main.o
                                        0x15d (size before relaxing)
 .debug_str     0x000000000000015d      0x2f8 build/Regs.o
                                        0x422 (size before relaxing)
 .debug_str     0x0000000000000455       0x35 build/Uart.o
                                        0x461 (size before relaxing)
 .debug_str     0x000000000000048a       0x13 build/stdio.o
                                        0x142 (size before relaxing)

.debug_frame    0x0000000000000000      0x104
 .debug_frame   0x0000000000000000       0x50 build/Main.o
 .debug_frame   0x0000000000000050       0x80 build/Uart.o
 .debug_frame   0x00000000000000d0       0x34 build/stdio.o
